C251 COMPILER V5.60.0,  inv_mpu_dmp_motion_driver                                          12/06/26  21:36:16  PAGE 1   


C251 COMPILER V5.60.0, COMPILATION OF MODULE inv_mpu_dmp_motion_driver
OBJECT MODULE PLACED IN .\list\inv_mpu_dmp_motion_driver.obj
COMPILER INVOKED BY: C:\Keil_v5\C251\BIN\C251.EXE MPU6050\inv_mpu_dmp_motion_driver.c XSMALL INTR2 BROWSE INCDIR(../incl
                    -ude) DEBUG PRINT(.\list\inv_mpu_dmp_motion_driver.lst) TABS(2) OBJECT(.\list\inv_mpu_dmp_motion_driver.obj) 

stmt  level    source

    1          /*
    2           $License:
    3              Copyright (C) 2011-2012 InvenSense Corporation, All Rights Reserved.
    4              See included License.txt for License information.
    5           $
    6           */
    7          /**
    8           *  @addtogroup  DRIVERS Sensor Driver Layer
    9           *  @brief       Hardware drivers to communicate with sensors via I2C.
   10           *
   11           *  @{
   12           *      @file       inv_mpu_dmp_motion_driver.c
   13           *      @brief      DMP image and interface functions.
   14           *      @details    All functions are preceded by the dmp_ prefix to
   15           *                  differentiate among MPL and general driver function calls.
   16           */
   17          #include "main.h"
*** ERROR C318 IN LINE 17 OF MPU6050\inv_mpu_dmp_motion_driver.c: can't open file 'main.h'
   18          #include <stdio.h>
   19          #include <stdint.h>
*** ERROR C318 IN LINE 19 OF MPU6050\inv_mpu_dmp_motion_driver.c: can't open file 'stdint.h'
   20          #include <stdlib.h>
   21          #include <string.h>
   22          #include <math.h>
   23          #include "inv_mpu.h"
*** ERROR C25 IN LINE 102 OF MPU6050\inv_mpu.h: syntax error near ','
*** ERROR C25 IN LINE 103 OF MPU6050\inv_mpu.h: syntax error near ','
*** ERROR C25 IN LINE 104 OF MPU6050\inv_mpu.h: syntax error near ','
*** ERROR C25 IN LINE 105 OF MPU6050\inv_mpu.h: syntax error near ','
*** ERROR C25 IN LINE 106 OF MPU6050\inv_mpu.h: syntax error near ','
*** ERROR C25 IN LINE 111 OF MPU6050\inv_mpu.h: syntax error near ','
*** ERROR C25 IN LINE 116 OF MPU6050\inv_mpu.h: syntax error near ')'
*** ERROR C25 IN LINE 118 OF MPU6050\inv_mpu.h: syntax error near ')'
*** ERROR C25 IN LINE 123 OF MPU6050\inv_mpu.h: syntax error near ')'
   24          #include "inv_mpu_dmp_motion_driver.h"
   25          #include "dmpKey.h"
   26          #include "dmpmap.h"
   27          #include "Time.h"
*** ERROR C318 IN LINE 27 OF MPU6050\inv_mpu_dmp_motion_driver.c: can't open file 'Time.h'
   28          
   29          #define  MOTION_DRIVER_TARGET_MSP430
   30          /* The following functions must be defined for this platform:
   31           * i2c_write(unsigned char slave_addr, unsigned char reg_addr,
   32           *      unsigned char length, unsigned char const *data)
   33           * i2c_read(unsigned char slave_addr, unsigned char reg_addr,
   34           *      unsigned char length, unsigned char *data)
   35           * delay_ms(unsigned long num_ms)
   36           * get_ms(unsigned long *count)
   37           */
   38          #if defined MOTION_DRIVER_TARGET_MSP430
   39          //#include "msp430.h"
   40          //#include "msp430_clock.h"
   41          #define delay_ms    delay_ms
   42          #define get_ms      get_ms
   43          #define log_i(...)     do {} while (0)
   44          #define log_e(...)     do {} while (0)
   45          
   46          #elif defined EMPL_TARGET_MSP430
C251 COMPILER V5.60.0,  inv_mpu_dmp_motion_driver                                          12/06/26  21:36:16  PAGE 2   

               #include "msp430.h"
               #include "msp430_clock.h"
               #include "log.h"
               #define delay_ms    msp430_delay_ms
               #define get_ms      msp430_get_clock_ms
               #define log_i       MPL_LOGI
               #define log_e       MPL_LOGE
               
               #elif defined EMPL_TARGET_UC3L0
               /* Instead of using the standard TWI driver from the ASF library, we're using
                * a TWI driver that follows the slave address + register address convention.
                */
               #include "delay.h"
               #include "sysclk.h"
               #include "log.h"
               #include "uc3l0_clock.h"
               /* delay_ms is a function already defined in ASF. */
               #define get_ms  uc3l0_get_clock_ms
               #define log_i       MPL_LOGI
               #define log_e       MPL_LOGE
               
               #else
               //#error  Gyro driver is missing the system layer implementations.
               #endif
   71          
   72          /* These defines are copied from dmpDefaultMPU6050.c in the general MPL
   73           * releases. These defines may change for each DMP image, so be sure to modify
   74           * these values when switching to a new image.
   75           */
   76          #define CFG_LP_QUAT             (2712)
   77          #define END_ORIENT_TEMP         (1866)
   78          #define CFG_27                  (2742)
   79          #define CFG_20                  (2224)
   80          #define CFG_23                  (2745)
   81          #define CFG_FIFO_ON_EVENT       (2690)
   82          #define END_PREDICTION_UPDATE   (1761)
   83          #define CGNOTICE_INTR           (2620)
   84          #define X_GRT_Y_TMP             (1358)
   85          #define CFG_DR_INT              (1029)
   86          #define CFG_AUTH                (1035)
   87          #define UPDATE_PROP_ROT         (1835)
   88          #define END_COMPARE_Y_X_TMP2    (1455)
   89          #define SKIP_X_GRT_Y_TMP        (1359)
   90          #define SKIP_END_COMPARE        (1435)
   91          #define FCFG_3                  (1088)
   92          #define FCFG_2                  (1066)
   93          #define FCFG_1                  (1062)
   94          #define END_COMPARE_Y_X_TMP3    (1434)
   95          #define FCFG_7                  (1073)
   96          #define FCFG_6                  (1106)
   97          #define FLAT_STATE_END          (1713)
   98          #define SWING_END_4             (1616)
   99          #define SWING_END_2             (1565)
  100          #define SWING_END_3             (1587)
  101          #define SWING_END_1             (1550)
  102          #define CFG_8                   (2718)
  103          #define CFG_15                  (2727)
  104          #define CFG_16                  (2746)
  105          #define CFG_EXT_GYRO_BIAS       (1189)
  106          #define END_COMPARE_Y_X_TMP     (1407)
  107          #define DO_NOT_UPDATE_PROP_ROT  (1839)
  108          #define CFG_7                   (1205)
  109          #define FLAT_STATE_END_TEMP     (1683)
  110          #define END_COMPARE_Y_X         (1484)
  111          #define SKIP_SWING_END_1        (1551)
  112          #define SKIP_SWING_END_3        (1588)
C251 COMPILER V5.60.0,  inv_mpu_dmp_motion_driver                                          12/06/26  21:36:16  PAGE 3   

  113          #define SKIP_SWING_END_2        (1566)
  114          #define TILTG75_START           (1672)
  115          #define CFG_6                   (2753)
  116          #define TILTL75_END             (1669)
  117          #define END_ORIENT              (1884)
  118          #define CFG_FLICK_IN            (2573)
  119          #define TILTL75_START           (1643)
  120          #define CFG_MOTION_BIAS         (1208)
  121          #define X_GRT_Y                 (1408)
  122          #define TEMPLABEL               (2324)
  123          #define CFG_ANDROID_ORIENT_INT  (1853)
  124          #define CFG_GYRO_RAW_DATA       (2722)
  125          #define X_GRT_Y_TMP2            (1379)
  126          
  127          #define D_0_22                  (22+512)
  128          #define D_0_24                  (24+512)
  129          
  130          #define D_0_36                  (36)
  131          #define D_0_52                  (52)
  132          #define D_0_96                  (96)
  133          #define D_0_104                 (104)
  134          #define D_0_108                 (108)
  135          #define D_0_163                 (163)
  136          #define D_0_188                 (188)
  137          #define D_0_192                 (192)
  138          #define D_0_224                 (224)
  139          #define D_0_228                 (228)
  140          #define D_0_232                 (232)
  141          #define D_0_236                 (236)
  142          
  143          #define D_1_2                   (256 + 2)
  144          #define D_1_4                   (256 + 4)
  145          #define D_1_8                   (256 + 8)
  146          #define D_1_10                  (256 + 10)
  147          #define D_1_24                  (256 + 24)
  148          #define D_1_28                  (256 + 28)
  149          #define D_1_36                  (256 + 36)
  150          #define D_1_40                  (256 + 40)
  151          #define D_1_44                  (256 + 44)
  152          #define D_1_72                  (256 + 72)
  153          #define D_1_74                  (256 + 74)
  154          #define D_1_79                  (256 + 79)
  155          #define D_1_88                  (256 + 88)
  156          #define D_1_90                  (256 + 90)
  157          #define D_1_92                  (256 + 92)
  158          #define D_1_96                  (256 + 96)
  159          #define D_1_98                  (256 + 98)
  160          #define D_1_106                 (256 + 106)
  161          #define D_1_108                 (256 + 108)
  162          #define D_1_112                 (256 + 112)
  163          #define D_1_128                 (256 + 144)
  164          #define D_1_152                 (256 + 12)
  165          #define D_1_160                 (256 + 160)
  166          #define D_1_176                 (256 + 176)
  167          #define D_1_178                 (256 + 178)
  168          #define D_1_218                 (256 + 218)
  169          #define D_1_232                 (256 + 232)
  170          #define D_1_236                 (256 + 236)
  171          #define D_1_240                 (256 + 240)
  172          #define D_1_244                 (256 + 244)
  173          #define D_1_250                 (256 + 250)
  174          #define D_1_252                 (256 + 252)
  175          #define D_2_12                  (512 + 12)
  176          #define D_2_96                  (512 + 96)
  177          #define D_2_108                 (512 + 108)
  178          #define D_2_208                 (512 + 208)
C251 COMPILER V5.60.0,  inv_mpu_dmp_motion_driver                                          12/06/26  21:36:16  PAGE 4   

  179          #define D_2_224                 (512 + 224)
  180          #define D_2_236                 (512 + 236)
  181          #define D_2_244                 (512 + 244)
  182          #define D_2_248                 (512 + 248)
  183          #define D_2_252                 (512 + 252)
  184          
  185          #define CPASS_BIAS_X            (35 * 16 + 4)
  186          #define CPASS_BIAS_Y            (35 * 16 + 8)
  187          #define CPASS_BIAS_Z            (35 * 16 + 12)
  188          #define CPASS_MTX_00            (36 * 16)
  189          #define CPASS_MTX_01            (36 * 16 + 4)
  190          #define CPASS_MTX_02            (36 * 16 + 8)
  191          #define CPASS_MTX_10            (36 * 16 + 12)
  192          #define CPASS_MTX_11            (37 * 16)
  193          #define CPASS_MTX_12            (37 * 16 + 4)
  194          #define CPASS_MTX_20            (37 * 16 + 8)
  195          #define CPASS_MTX_21            (37 * 16 + 12)
  196          #define CPASS_MTX_22            (43 * 16 + 12)
  197          #define D_EXT_GYRO_BIAS_X       (61 * 16)
  198          #define D_EXT_GYRO_BIAS_Y       (61 * 16) + 4
  199          #define D_EXT_GYRO_BIAS_Z       (61 * 16) + 8
  200          #define D_ACT0                  (40 * 16)
  201          #define D_ACSX                  (40 * 16 + 4)
  202          #define D_ACSY                  (40 * 16 + 8)
  203          #define D_ACSZ                  (40 * 16 + 12)
  204          
  205          #define FLICK_MSG               (45 * 16 + 4)
  206          #define FLICK_COUNTER           (45 * 16 + 8)
  207          #define FLICK_LOWER             (45 * 16 + 12)
  208          #define FLICK_UPPER             (46 * 16 + 12)
  209          
  210          #define D_AUTH_OUT              (992)
  211          #define D_AUTH_IN               (996)
  212          #define D_AUTH_A                (1000)
  213          #define D_AUTH_B                (1004)
  214          
  215          #define D_PEDSTD_BP_B           (768 + 0x1C)
  216          #define D_PEDSTD_HP_A           (768 + 0x78)
  217          #define D_PEDSTD_HP_B           (768 + 0x7C)
  218          #define D_PEDSTD_BP_A4          (768 + 0x40)
  219          #define D_PEDSTD_BP_A3          (768 + 0x44)
  220          #define D_PEDSTD_BP_A2          (768 + 0x48)
  221          #define D_PEDSTD_BP_A1          (768 + 0x4C)
  222          #define D_PEDSTD_INT_THRSH      (768 + 0x68)
  223          #define D_PEDSTD_CLIP           (768 + 0x6C)
  224          #define D_PEDSTD_SB             (768 + 0x28)
  225          #define D_PEDSTD_SB_TIME        (768 + 0x2C)
  226          #define D_PEDSTD_PEAKTHRSH      (768 + 0x98)
  227          #define D_PEDSTD_TIML           (768 + 0x2A)
  228          #define D_PEDSTD_TIMH           (768 + 0x2E)
  229          #define D_PEDSTD_PEAK           (768 + 0X94)
  230          #define D_PEDSTD_STEPCTR        (768 + 0x60)
  231          #define D_PEDSTD_TIMECTR        (964)
  232          #define D_PEDSTD_DECI           (768 + 0xA0)
  233          
  234          #define D_HOST_NO_MOT           (976)
  235          #define D_ACCEL_BIAS            (660)
  236          
  237          #define D_ORIENT_GAP            (76)
  238          
  239          #define D_TILT0_H               (48)
  240          #define D_TILT0_L               (50)
  241          #define D_TILT1_H               (52)
  242          #define D_TILT1_L               (54)
  243          #define D_TILT2_H               (56)
  244          #define D_TILT2_L               (58)
C251 COMPILER V5.60.0,  inv_mpu_dmp_motion_driver                                          12/06/26  21:36:16  PAGE 5   

  245          #define D_TILT3_H               (60)
  246          #define D_TILT3_L               (62)
  247          
  248          #define DMP_CODE_SIZE           (3062)
  249          
  250          static const unsigned char dmp_memory[DMP_CODE_SIZE] = {
  251              /* bank # 0 */
  252              0x00, 0x00, 0x70, 0x00, 0x00, 0x00, 0x00, 0x24, 0x00, 0x00, 0x00, 0x02, 0x00, 0x03, 0x00, 0x00,
  253              0x00, 0x65, 0x00, 0x54, 0xff, 0xef, 0x00, 0x00, 0xfa, 0x80, 0x00, 0x0b, 0x12, 0x82, 0x00, 0x01,
  254              0x03, 0x0c, 0x30, 0xc3, 0x0e, 0x8c, 0x8c, 0xe9, 0x14, 0xd5, 0x40, 0x02, 0x13, 0x71, 0x0f, 0x8e,
  255              0x38, 0x83, 0xf8, 0x83, 0x30, 0x00, 0xf8, 0x83, 0x25, 0x8e, 0xf8, 0x83, 0x30, 0x00, 0xf8, 0x83,
  256              0xff, 0xff, 0xff, 0xff, 0x0f, 0xfe, 0xa9, 0xd6, 0x24, 0x00, 0x04, 0x00, 0x1a, 0x82, 0x79, 0xa1,
  257              0x00, 0x00, 0x00, 0x3c, 0xff, 0xff, 0x00, 0x00, 0x00, 0x10, 0x00, 0x00, 0x38, 0x83, 0x6f, 0xa2,
  258              0x00, 0x3e, 0x03, 0x30, 0x40, 0x00, 0x00, 0x00, 0x02, 0xca, 0xe3, 0x09, 0x3e, 0x80, 0x00, 0x00,
  259              0x20, 0x00, 0x00, 0x00, 0x00, 0x00, 0x00, 0x00, 0x40, 0x00, 0x00, 0x00, 0x60, 0x00, 0x00, 0x00,
  260              0x00, 0x0c, 0x00, 0x00, 0x00, 0x0c, 0x18, 0x6e, 0x00, 0x00, 0x06, 0x92, 0x0a, 0x16, 0xc0, 0xdf,
  261              0xff, 0xff, 0x02, 0x56, 0xfd, 0x8c, 0xd3, 0x77, 0xff, 0xe1, 0xc4, 0x96, 0xe0, 0xc5, 0xbe, 0xaa,
  262              0x00, 0x00, 0x00, 0x00, 0xff, 0xff, 0x0b, 0x2b, 0x00, 0x00, 0x16, 0x57, 0x00, 0x00, 0x03, 0x59,
  263              0x40, 0x00, 0x00, 0x00, 0x00, 0x00, 0x1d, 0xfa, 0x00, 0x02, 0x6c, 0x1d, 0x00, 0x00, 0x00, 0x00,
  264              0x3f, 0xff, 0xdf, 0xeb, 0x00, 0x3e, 0xb3, 0xb6, 0x00, 0x0d, 0x22, 0x78, 0x00, 0x00, 0x2f, 0x3c,
  265              0x00, 0x00, 0x00, 0x00, 0x00, 0x19, 0x42, 0xb5, 0x00, 0x00, 0x39, 0xa2, 0x00, 0x00, 0xb3, 0x65,
  266              0xd9, 0x0e, 0x9f, 0xc9, 0x1d, 0xcf, 0x4c, 0x34, 0x30, 0x00, 0x00, 0x00, 0x50, 0x00, 0x00, 0x00,
  267              0x3b, 0xb6, 0x7a, 0xe8, 0x00, 0x64, 0x00, 0x00, 0x00, 0xc8, 0x00, 0x00, 0x00, 0x00, 0x00, 0x00,
  268              /* bank # 1 */
  269              0x10, 0x00, 0x00, 0x00, 0x10, 0x00, 0xfa, 0x92, 0x10, 0x00, 0x22, 0x5e, 0x00, 0x0d, 0x22, 0x9f,
  270              0x00, 0x01, 0x00, 0x00, 0x00, 0x32, 0x00, 0x00, 0xff, 0x46, 0x00, 0x00, 0x63, 0xd4, 0x00, 0x00,
  271              0x10, 0x00, 0x00, 0x00, 0x04, 0xd6, 0x00, 0x00, 0x04, 0xcc, 0x00, 0x00, 0x04, 0xcc, 0x00, 0x00,
  272              0x00, 0x00, 0x10, 0x72, 0x00, 0x00, 0x00, 0x40, 0x00, 0x00, 0x00, 0x00, 0x00, 0x00, 0x00, 0x00,
  273              0x00, 0x06, 0x00, 0x02, 0x00, 0x05, 0x00, 0x07, 0x00, 0x00, 0x00, 0x00, 0x00, 0x64, 0x00, 0x00,
  274              0x00, 0x00, 0x00, 0x00, 0x00, 0x00, 0x00, 0x05, 0x00, 0x05, 0x00, 0x64, 0x00, 0x20, 0x00, 0x00,
  275              0x00, 0x00, 0x00, 0x00, 0x00, 0x00, 0x00, 0x00, 0x00, 0x00, 0x40, 0x00, 0x00, 0x00, 0x03, 0x00,
  276              0x00, 0x00, 0x00, 0x32, 0xf8, 0x98, 0x00, 0x00, 0xff, 0x65, 0x00, 0x00, 0x83, 0x0f, 0x00, 0x00,
  277              0xff, 0x9b, 0xfc, 0x00, 0x00, 0x00, 0x00, 0x00, 0x00, 0x00, 0x00, 0x00, 0x00, 0x00, 0x00, 0x00,
  278              0x00, 0x00, 0x00, 0x00, 0x00, 0x00, 0x00, 0x00, 0x00, 0x00, 0x00, 0x00, 0x00, 0x00, 0x00, 0x00,
  279              0x00, 0x00, 0x00, 0x00, 0x00, 0x00, 0x00, 0x00, 0x00, 0x00, 0x00, 0x00, 0x00, 0x00, 0x10, 0x00,
  280              0x40, 0x00, 0x00, 0x00, 0x00, 0x00, 0x00, 0x06, 0x00, 0x00, 0xb2, 0x6a, 0x00, 0x02, 0x00, 0x00,
  281              0x00, 0x01, 0xfb, 0x83, 0x00, 0x68, 0x00, 0x00, 0x00, 0xd9, 0xfc, 0x00, 0x7c, 0xf1, 0xff, 0x83,
  282              0x00, 0x00, 0x00, 0x00, 0x00, 0x65, 0x00, 0x00, 0x00, 0x64, 0x03, 0xe8, 0x00, 0x64, 0x00, 0x28,
  283              0x00, 0x00, 0x00, 0x25, 0x00, 0x00, 0x00, 0x00, 0x16, 0xa0, 0x00, 0x00, 0x00, 0x00, 0x10, 0x00,
  284              0x00, 0x00, 0x10, 0x00, 0x00, 0x2f, 0x00, 0x00, 0x00, 0x00, 0x01, 0xf4, 0x00, 0x00, 0x10, 0x00,
  285              /* bank # 2 */
  286              0x00, 0x28, 0x00, 0x00, 0xff, 0xff, 0x45, 0x81, 0xff, 0xff, 0xfa, 0x72, 0x00, 0x00, 0x00, 0x00,
  287              0x00, 0x00, 0x00, 0x00, 0x00, 0x44, 0x00, 0x05, 0x00, 0x05, 0xba, 0xc6, 0x00, 0x47, 0x78, 0xa2,
  288              0x00, 0x00, 0x00, 0x01, 0x00, 0x00, 0x00, 0x00, 0x00, 0x00, 0x06, 0x00, 0x00, 0x00, 0x00, 0x14,
  289              0x00, 0x00, 0x25, 0x4d, 0x00, 0x2f, 0x70, 0x6d, 0x00, 0x00, 0x05, 0xae, 0x00, 0x0c, 0x02, 0xd0,
  290              0x00, 0x00, 0x00, 0x00, 0x00, 0x00, 0x00, 0x00, 0x00, 0x00, 0x00, 0x00, 0x00, 0x00, 0x00, 0x00,
  291              0x00, 0x1b, 0x00, 0x00, 0x00, 0x00, 0x00, 0x00, 0x00, 0x00, 0x00, 0x00, 0x00, 0x00, 0x00, 0x00,
  292              0x00, 0x64, 0x00, 0x00, 0x00, 0x08, 0x00, 0x00, 0x00, 0x00, 0x00, 0x00, 0x00, 0x00, 0x00, 0x00,
  293              0x00, 0x00, 0x00, 0x00, 0x00, 0x00, 0x00, 0x00, 0x00, 0x00, 0x00, 0x00, 0x00, 0x00, 0x00, 0x00,
  294              0x00, 0x00, 0x00, 0x00, 0x00, 0x00, 0x00, 0x00, 0x00, 0x00, 0x00, 0x00, 0x00, 0x00, 0x00, 0x00,
  295              0x00, 0x00, 0x00, 0x00, 0x00, 0x00, 0x00, 0x00, 0x00, 0x00, 0x00, 0x00, 0x00, 0x00, 0x00, 0x00,
  296              0x00, 0x00, 0x00, 0x00, 0x00, 0x00, 0x00, 0x00, 0x00, 0x00, 0x00, 0x00, 0x00, 0x00, 0x00, 0x00,
  297              0x00, 0x00, 0x00, 0x00, 0x00, 0x00, 0x00, 0x00, 0x00, 0x00, 0x00, 0x00, 0x00, 0x00, 0x00, 0x00,
  298              0x00, 0x1b, 0x00, 0x00, 0x00, 0x00, 0x00, 0x00, 0x00, 0x00, 0x00, 0x00, 0x00, 0x0e, 0x00, 0x0e,
  299              0x00, 0x00, 0x0a, 0xc7, 0x00, 0x04, 0x00, 0x00, 0x00, 0x00, 0x00, 0x32, 0xff, 0xff, 0xff, 0x9c,
  300              0x00, 0x00, 0x0b, 0x2b, 0x00, 0x00, 0x00, 0x02, 0x00, 0x00, 0x00, 0x01, 0x00, 0x00, 0x00, 0x64,
  301              0xff, 0xe5, 0x00, 0x00, 0x00, 0x00, 0x00, 0x00, 0x00, 0x00, 0x00, 0x00, 0x00, 0x00, 0x00, 0x00,
  302              /* bank # 3 */
  303              0x00, 0x00, 0x00, 0x01, 0x00, 0x00, 0x00, 0x00, 0x00, 0x01, 0x00, 0x00, 0x00, 0x00, 0x00, 0x00,
  304              0x00, 0x01, 0x80, 0x00, 0x00, 0x01, 0x80, 0x00, 0x00, 0x01, 0x80, 0x00, 0x00, 0x24, 0x26, 0xd3,
  305              0x00, 0x00, 0x00, 0x00, 0x00, 0x00, 0x00, 0x00, 0x00, 0x06, 0x00, 0x10, 0x00, 0x96, 0x00, 0x3c,
  306              0x00, 0x00, 0x00, 0x00, 0x00, 0x00, 0x00, 0x00, 0x00, 0x00, 0x00, 0x00, 0x00, 0x00, 0x00, 0x00,
  307              0x0c, 0x0a, 0x4e, 0x68, 0xcd, 0xcf, 0x77, 0x09, 0x50, 0x16, 0x67, 0x59, 0xc6, 0x19, 0xce, 0x82,
  308              0x00, 0x00, 0x00, 0x00, 0x00, 0x00, 0x00, 0x00, 0x00, 0x00, 0x00, 0x00, 0x00, 0x00, 0x00, 0x00,
  309              0x00, 0x00, 0x00, 0x00, 0x00, 0x00, 0x00, 0x00, 0x17, 0xd7, 0x84, 0x00, 0x03, 0x00, 0x00, 0x00,
  310              0x00, 0x00, 0x00, 0x00, 0x00, 0x00, 0x00, 0x00, 0xc7, 0x93, 0x8f, 0x9d, 0x1e, 0x1b, 0x1c, 0x19,
C251 COMPILER V5.60.0,  inv_mpu_dmp_motion_driver                                          12/06/26  21:36:16  PAGE 6   

  311              0x00, 0x00, 0x00, 0x00, 0x00, 0x00, 0x00, 0x00, 0x00, 0x00, 0x00, 0x00, 0x00, 0x00, 0x00, 0x00,
  312              0x00, 0x00, 0x00, 0x00, 0x00, 0x00, 0x00, 0x00, 0x02, 0x03, 0x18, 0x85, 0x00, 0x00, 0x40, 0x00,
  313              0x00, 0x00, 0x00, 0x03, 0x00, 0x00, 0x00, 0x03, 0x00, 0x00, 0x00, 0x00, 0x00, 0x00, 0x00, 0x00,
  314              0x40, 0x00, 0x00, 0x00, 0x00, 0x00, 0x00, 0x00, 0x00, 0x00, 0x00, 0x00, 0x00, 0x00, 0x00, 0x00,
  315              0x00, 0x00, 0x00, 0x00, 0x00, 0x00, 0x00, 0x00, 0x00, 0x00, 0x00, 0x00, 0x00, 0x00, 0x00, 0x00,
  316              0x00, 0x00, 0x00, 0x00, 0x00, 0x00, 0x00, 0x00, 0x00, 0x00, 0x00, 0x00, 0x00, 0x00, 0x00, 0x00,
  317              0x00, 0x00, 0x00, 0x00, 0x67, 0x7d, 0xdf, 0x7e, 0x72, 0x90, 0x2e, 0x55, 0x4c, 0xf6, 0xe6, 0x88,
  318              0x00, 0x00, 0x00, 0x00, 0x00, 0x00, 0x00, 0x00, 0x00, 0x00, 0x00, 0x00, 0x00, 0x00, 0x00, 0x00,
  319          
  320              /* bank # 4 */
  321              0xd8, 0xdc, 0xb4, 0xb8, 0xb0, 0xd8, 0xb9, 0xab, 0xf3, 0xf8, 0xfa, 0xb3, 0xb7, 0xbb, 0x8e, 0x9e,
  322              0xae, 0xf1, 0x32, 0xf5, 0x1b, 0xf1, 0xb4, 0xb8, 0xb0, 0x80, 0x97, 0xf1, 0xa9, 0xdf, 0xdf, 0xdf,
  323              0xaa, 0xdf, 0xdf, 0xdf, 0xf2, 0xaa, 0xc5, 0xcd, 0xc7, 0xa9, 0x0c, 0xc9, 0x2c, 0x97, 0xf1, 0xa9,
  324              0x89, 0x26, 0x46, 0x66, 0xb2, 0x89, 0x99, 0xa9, 0x2d, 0x55, 0x7d, 0xb0, 0xb0, 0x8a, 0xa8, 0x96,
  325              0x36, 0x56, 0x76, 0xf1, 0xba, 0xa3, 0xb4, 0xb2, 0x80, 0xc0, 0xb8, 0xa8, 0x97, 0x11, 0xb2, 0x83,
  326              0x98, 0xba, 0xa3, 0xf0, 0x24, 0x08, 0x44, 0x10, 0x64, 0x18, 0xb2, 0xb9, 0xb4, 0x98, 0x83, 0xf1,
  327              0xa3, 0x29, 0x55, 0x7d, 0xba, 0xb5, 0xb1, 0xa3, 0x83, 0x93, 0xf0, 0x00, 0x28, 0x50, 0xf5, 0xb2,
  328              0xb6, 0xaa, 0x83, 0x93, 0x28, 0x54, 0x7c, 0xf1, 0xb9, 0xa3, 0x82, 0x93, 0x61, 0xba, 0xa2, 0xda,
  329              0xde, 0xdf, 0xdb, 0x81, 0x9a, 0xb9, 0xae, 0xf5, 0x60, 0x68, 0x70, 0xf1, 0xda, 0xba, 0xa2, 0xdf,
  330              0xd9, 0xba, 0xa2, 0xfa, 0xb9, 0xa3, 0x82, 0x92, 0xdb, 0x31, 0xba, 0xa2, 0xd9, 0xba, 0xa2, 0xf8,
  331              0xdf, 0x85, 0xa4, 0xd0, 0xc1, 0xbb, 0xad, 0x83, 0xc2, 0xc5, 0xc7, 0xb8, 0xa2, 0xdf, 0xdf, 0xdf,
  332              0xba, 0xa0, 0xdf, 0xdf, 0xdf, 0xd8, 0xd8, 0xf1, 0xb8, 0xaa, 0xb3, 0x8d, 0xb4, 0x98, 0x0d, 0x35,
  333              0x5d, 0xb2, 0xb6, 0xba, 0xaf, 0x8c, 0x96, 0x19, 0x8f, 0x9f, 0xa7, 0x0e, 0x16, 0x1e, 0xb4, 0x9a,
  334              0xb8, 0xaa, 0x87, 0x2c, 0x54, 0x7c, 0xba, 0xa4, 0xb0, 0x8a, 0xb6, 0x91, 0x32, 0x56, 0x76, 0xb2,
  335              0x84, 0x94, 0xa4, 0xc8, 0x08, 0xcd, 0xd8, 0xb8, 0xb4, 0xb0, 0xf1, 0x99, 0x82, 0xa8, 0x2d, 0x55,
  336              0x7d, 0x98, 0xa8, 0x0e, 0x16, 0x1e, 0xa2, 0x2c, 0x54, 0x7c, 0x92, 0xa4, 0xf0, 0x2c, 0x50, 0x78,
  337              /* bank # 5 */
  338              0xf1, 0x84, 0xa8, 0x98, 0xc4, 0xcd, 0xfc, 0xd8, 0x0d, 0xdb, 0xa8, 0xfc, 0x2d, 0xf3, 0xd9, 0xba,
  339              0xa6, 0xf8, 0xda, 0xba, 0xa6, 0xde, 0xd8, 0xba, 0xb2, 0xb6, 0x86, 0x96, 0xa6, 0xd0, 0xf3, 0xc8,
  340              0x41, 0xda, 0xa6, 0xc8, 0xf8, 0xd8, 0xb0, 0xb4, 0xb8, 0x82, 0xa8, 0x92, 0xf5, 0x2c, 0x54, 0x88,
  341              0x98, 0xf1, 0x35, 0xd9, 0xf4, 0x18, 0xd8, 0xf1, 0xa2, 0xd0, 0xf8, 0xf9, 0xa8, 0x84, 0xd9, 0xc7,
  342              0xdf, 0xf8, 0xf8, 0x83, 0xc5, 0xda, 0xdf, 0x69, 0xdf, 0x83, 0xc1, 0xd8, 0xf4, 0x01, 0x14, 0xf1,
  343              0xa8, 0x82, 0x4e, 0xa8, 0x84, 0xf3, 0x11, 0xd1, 0x82, 0xf5, 0xd9, 0x92, 0x28, 0x97, 0x88, 0xf1,
  344              0x09, 0xf4, 0x1c, 0x1c, 0xd8, 0x84, 0xa8, 0xf3, 0xc0, 0xf9, 0xd1, 0xd9, 0x97, 0x82, 0xf1, 0x29,
  345              0xf4, 0x0d, 0xd8, 0xf3, 0xf9, 0xf9, 0xd1, 0xd9, 0x82, 0xf4, 0xc2, 0x03, 0xd8, 0xde, 0xdf, 0x1a,
  346              0xd8, 0xf1, 0xa2, 0xfa, 0xf9, 0xa8, 0x84, 0x98, 0xd9, 0xc7, 0xdf, 0xf8, 0xf8, 0xf8, 0x83, 0xc7,
  347              0xda, 0xdf, 0x69, 0xdf, 0xf8, 0x83, 0xc3, 0xd8, 0xf4, 0x01, 0x14, 0xf1, 0x98, 0xa8, 0x82, 0x2e,
  348              0xa8, 0x84, 0xf3, 0x11, 0xd1, 0x82, 0xf5, 0xd9, 0x92, 0x50, 0x97, 0x88, 0xf1, 0x09, 0xf4, 0x1c,
  349              0xd8, 0x84, 0xa8, 0xf3, 0xc0, 0xf8, 0xf9, 0xd1, 0xd9, 0x97, 0x82, 0xf1, 0x49, 0xf4, 0x0d, 0xd8,
  350              0xf3, 0xf9, 0xf9, 0xd1, 0xd9, 0x82, 0xf4, 0xc4, 0x03, 0xd8, 0xde, 0xdf, 0xd8, 0xf1, 0xad, 0x88,
  351              0x98, 0xcc, 0xa8, 0x09, 0xf9, 0xd9, 0x82, 0x92, 0xa8, 0xf5, 0x7c, 0xf1, 0x88, 0x3a, 0xcf, 0x94,
  352              0x4a, 0x6e, 0x98, 0xdb, 0x69, 0x31, 0xda, 0xad, 0xf2, 0xde, 0xf9, 0xd8, 0x87, 0x95, 0xa8, 0xf2,
  353              0x21, 0xd1, 0xda, 0xa5, 0xf9, 0xf4, 0x17, 0xd9, 0xf1, 0xae, 0x8e, 0xd0, 0xc0, 0xc3, 0xae, 0x82,
  354              /* bank # 6 */
  355              0xc6, 0x84, 0xc3, 0xa8, 0x85, 0x95, 0xc8, 0xa5, 0x88, 0xf2, 0xc0, 0xf1, 0xf4, 0x01, 0x0e, 0xf1,
  356              0x8e, 0x9e, 0xa8, 0xc6, 0x3e, 0x56, 0xf5, 0x54, 0xf1, 0x88, 0x72, 0xf4, 0x01, 0x15, 0xf1, 0x98,
  357              0x45, 0x85, 0x6e, 0xf5, 0x8e, 0x9e, 0x04, 0x88, 0xf1, 0x42, 0x98, 0x5a, 0x8e, 0x9e, 0x06, 0x88,
  358              0x69, 0xf4, 0x01, 0x1c, 0xf1, 0x98, 0x1e, 0x11, 0x08, 0xd0, 0xf5, 0x04, 0xf1, 0x1e, 0x97, 0x02,
  359              0x02, 0x98, 0x36, 0x25, 0xdb, 0xf9, 0xd9, 0x85, 0xa5, 0xf3, 0xc1, 0xda, 0x85, 0xa5, 0xf3, 0xdf,
  360              0xd8, 0x85, 0x95, 0xa8, 0xf3, 0x09, 0xda, 0xa5, 0xfa, 0xd8, 0x82, 0x92, 0xa8, 0xf5, 0x78, 0xf1,
  361              0x88, 0x1a, 0x84, 0x9f, 0x26, 0x88, 0x98, 0x21, 0xda, 0xf4, 0x1d, 0xf3, 0xd8, 0x87, 0x9f, 0x39,
  362              0xd1, 0xaf, 0xd9, 0xdf, 0xdf, 0xfb, 0xf9, 0xf4, 0x0c, 0xf3, 0xd8, 0xfa, 0xd0, 0xf8, 0xda, 0xf9,
  363              0xf9, 0xd0, 0xdf, 0xd9, 0xf9, 0xd8, 0xf4, 0x0b, 0xd8, 0xf3, 0x87, 0x9f, 0x39, 0xd1, 0xaf, 0xd9,
  364              0xdf, 0xdf, 0xf4, 0x1d, 0xf3, 0xd8, 0xfa, 0xfc, 0xa8, 0x69, 0xf9, 0xf9, 0xaf, 0xd0, 0xda, 0xde,
  365              0xfa, 0xd9, 0xf8, 0x8f, 0x9f, 0xa8, 0xf1, 0xcc, 0xf3, 0x98, 0xdb, 0x45, 0xd9, 0xaf, 0xdf, 0xd0,
  366              0xf8, 0xd8, 0xf1, 0x8f, 0x9f, 0xa8, 0xca, 0xf3, 0x88, 0x09, 0xda, 0xaf, 0x8f, 0xcb, 0xf8, 0xd8,
  367              0xf2, 0xad, 0x97, 0x8d, 0x0c, 0xd9, 0xa5, 0xdf, 0xf9, 0xba, 0xa6, 0xf3, 0xfa, 0xf4, 0x12, 0xf2,
  368              0xd8, 0x95, 0x0d, 0xd1, 0xd9, 0xba, 0xa6, 0xf3, 0xfa, 0xda, 0xa5, 0xf2, 0xc1, 0xba, 0xa6, 0xf3,
  369              0xdf, 0xd8, 0xf1, 0xba, 0xb2, 0xb6, 0x86, 0x96, 0xa6, 0xd0, 0xca, 0xf3, 0x49, 0xda, 0xa6, 0xcb,
  370              0xf8, 0xd8, 0xb0, 0xb4, 0xb8, 0xd8, 0xad, 0x84, 0xf2, 0xc0, 0xdf, 0xf1, 0x8f, 0xcb, 0xc3, 0xa8,
  371              /* bank # 7 */
  372              0xb2, 0xb6, 0x86, 0x96, 0xc8, 0xc1, 0xcb, 0xc3, 0xf3, 0xb0, 0xb4, 0x88, 0x98, 0xa8, 0x21, 0xdb,
  373              0x71, 0x8d, 0x9d, 0x71, 0x85, 0x95, 0x21, 0xd9, 0xad, 0xf2, 0xfa, 0xd8, 0x85, 0x97, 0xa8, 0x28,
  374              0xd9, 0xf4, 0x08, 0xd8, 0xf2, 0x8d, 0x29, 0xda, 0xf4, 0x05, 0xd9, 0xf2, 0x85, 0xa4, 0xc2, 0xf2,
  375              0xd8, 0xa8, 0x8d, 0x94, 0x01, 0xd1, 0xd9, 0xf4, 0x11, 0xf2, 0xd8, 0x87, 0x21, 0xd8, 0xf4, 0x0a,
  376              0xd8, 0xf2, 0x84, 0x98, 0xa8, 0xc8, 0x01, 0xd1, 0xd9, 0xf4, 0x11, 0xd8, 0xf3, 0xa4, 0xc8, 0xbb,
C251 COMPILER V5.60.0,  inv_mpu_dmp_motion_driver                                          12/06/26  21:36:16  PAGE 7   

  377              0xaf, 0xd0, 0xf2, 0xde, 0xf8, 0xf8, 0xf8, 0xf8, 0xf8, 0xf8, 0xf8, 0xf8, 0xd8, 0xf1, 0xb8, 0xf6,
  378              0xb5, 0xb9, 0xb0, 0x8a, 0x95, 0xa3, 0xde, 0x3c, 0xa3, 0xd9, 0xf8, 0xd8, 0x5c, 0xa3, 0xd9, 0xf8,
  379              0xd8, 0x7c, 0xa3, 0xd9, 0xf8, 0xd8, 0xf8, 0xf9, 0xd1, 0xa5, 0xd9, 0xdf, 0xda, 0xfa, 0xd8, 0xb1,
  380              0x85, 0x30, 0xf7, 0xd9, 0xde, 0xd8, 0xf8, 0x30, 0xad, 0xda, 0xde, 0xd8, 0xf2, 0xb4, 0x8c, 0x99,
  381              0xa3, 0x2d, 0x55, 0x7d, 0xa0, 0x83, 0xdf, 0xdf, 0xdf, 0xb5, 0x91, 0xa0, 0xf6, 0x29, 0xd9, 0xfb,
  382              0xd8, 0xa0, 0xfc, 0x29, 0xd9, 0xfa, 0xd8, 0xa0, 0xd0, 0x51, 0xd9, 0xf8, 0xd8, 0xfc, 0x51, 0xd9,
  383              0xf9, 0xd8, 0x79, 0xd9, 0xfb, 0xd8, 0xa0, 0xd0, 0xfc, 0x79, 0xd9, 0xfa, 0xd8, 0xa1, 0xf9, 0xf9,
  384              0xf9, 0xf9, 0xf9, 0xa0, 0xda, 0xdf, 0xdf, 0xdf, 0xd8, 0xa1, 0xf8, 0xf8, 0xf8, 0xf8, 0xf8, 0xac,
  385              0xde, 0xf8, 0xad, 0xde, 0x83, 0x93, 0xac, 0x2c, 0x54, 0x7c, 0xf1, 0xa8, 0xdf, 0xdf, 0xdf, 0xf6,
  386              0x9d, 0x2c, 0xda, 0xa0, 0xdf, 0xd9, 0xfa, 0xdb, 0x2d, 0xf8, 0xd8, 0xa8, 0x50, 0xda, 0xa0, 0xd0,
  387              0xde, 0xd9, 0xd0, 0xf8, 0xf8, 0xf8, 0xdb, 0x55, 0xf8, 0xd8, 0xa8, 0x78, 0xda, 0xa0, 0xd0, 0xdf,
  388              /* bank # 8 */
  389              0xd9, 0xd0, 0xfa, 0xf8, 0xf8, 0xf8, 0xf8, 0xdb, 0x7d, 0xf8, 0xd8, 0x9c, 0xa8, 0x8c, 0xf5, 0x30,
  390              0xdb, 0x38, 0xd9, 0xd0, 0xde, 0xdf, 0xa0, 0xd0, 0xde, 0xdf, 0xd8, 0xa8, 0x48, 0xdb, 0x58, 0xd9,
  391              0xdf, 0xd0, 0xde, 0xa0, 0xdf, 0xd0, 0xde, 0xd8, 0xa8, 0x68, 0xdb, 0x70, 0xd9, 0xdf, 0xdf, 0xa0,
  392              0xdf, 0xdf, 0xd8, 0xf1, 0xa8, 0x88, 0x90, 0x2c, 0x54, 0x7c, 0x98, 0xa8, 0xd0, 0x5c, 0x38, 0xd1,
  393              0xda, 0xf2, 0xae, 0x8c, 0xdf, 0xf9, 0xd8, 0xb0, 0x87, 0xa8, 0xc1, 0xc1, 0xb1, 0x88, 0xa8, 0xc6,
  394              0xf9, 0xf9, 0xda, 0x36, 0xd8, 0xa8, 0xf9, 0xda, 0x36, 0xd8, 0xa8, 0xf9, 0xda, 0x36, 0xd8, 0xa8,
  395              0xf9, 0xda, 0x36, 0xd8, 0xa8, 0xf9, 0xda, 0x36, 0xd8, 0xf7, 0x8d, 0x9d, 0xad, 0xf8, 0x18, 0xda,
  396              0xf2, 0xae, 0xdf, 0xd8, 0xf7, 0xad, 0xfa, 0x30, 0xd9, 0xa4, 0xde, 0xf9, 0xd8, 0xf2, 0xae, 0xde,
  397              0xfa, 0xf9, 0x83, 0xa7, 0xd9, 0xc3, 0xc5, 0xc7, 0xf1, 0x88, 0x9b, 0xa7, 0x7a, 0xad, 0xf7, 0xde,
  398              0xdf, 0xa4, 0xf8, 0x84, 0x94, 0x08, 0xa7, 0x97, 0xf3, 0x00, 0xae, 0xf2, 0x98, 0x19, 0xa4, 0x88,
  399              0xc6, 0xa3, 0x94, 0x88, 0xf6, 0x32, 0xdf, 0xf2, 0x83, 0x93, 0xdb, 0x09, 0xd9, 0xf2, 0xaa, 0xdf,
  400              0xd8, 0xd8, 0xae, 0xf8, 0xf9, 0xd1, 0xda, 0xf3, 0xa4, 0xde, 0xa7, 0xf1, 0x88, 0x9b, 0x7a, 0xd8,
  401              0xf3, 0x84, 0x94, 0xae, 0x19, 0xf9, 0xda, 0xaa, 0xf1, 0xdf, 0xd8, 0xa8, 0x81, 0xc0, 0xc3, 0xc5,
  402              0xc7, 0xa3, 0x92, 0x83, 0xf6, 0x28, 0xad, 0xde, 0xd9, 0xf8, 0xd8, 0xa3, 0x50, 0xad, 0xd9, 0xf8,
  403              0xd8, 0xa3, 0x78, 0xad, 0xd9, 0xf8, 0xd8, 0xf8, 0xf9, 0xd1, 0xa1, 0xda, 0xde, 0xc3, 0xc5, 0xc7,
  404              0xd8, 0xa1, 0x81, 0x94, 0xf8, 0x18, 0xf2, 0xb0, 0x89, 0xac, 0xc3, 0xc5, 0xc7, 0xf1, 0xd8, 0xb8,
  405              /* bank # 9 */
  406              0xb4, 0xb0, 0x97, 0x86, 0xa8, 0x31, 0x9b, 0x06, 0x99, 0x07, 0xab, 0x97, 0x28, 0x88, 0x9b, 0xf0,
  407              0x0c, 0x20, 0x14, 0x40, 0xb0, 0xb4, 0xb8, 0xf0, 0xa8, 0x8a, 0x9a, 0x28, 0x50, 0x78, 0xb7, 0x9b,
  408              0xa8, 0x29, 0x51, 0x79, 0x24, 0x70, 0x59, 0x44, 0x69, 0x38, 0x64, 0x48, 0x31, 0xf1, 0xbb, 0xab,
  409              0x88, 0x00, 0x2c, 0x54, 0x7c, 0xf0, 0xb3, 0x8b, 0xb8, 0xa8, 0x04, 0x28, 0x50, 0x78, 0xf1, 0xb0,
  410              0x88, 0xb4, 0x97, 0x26, 0xa8, 0x59, 0x98, 0xbb, 0xab, 0xb3, 0x8b, 0x02, 0x26, 0x46, 0x66, 0xb0,
  411              0xb8, 0xf0, 0x8a, 0x9c, 0xa8, 0x29, 0x51, 0x79, 0x8b, 0x29, 0x51, 0x79, 0x8a, 0x24, 0x70, 0x59,
  412              0x8b, 0x20, 0x58, 0x71, 0x8a, 0x44, 0x69, 0x38, 0x8b, 0x39, 0x40, 0x68, 0x8a, 0x64, 0x48, 0x31,
  413              0x8b, 0x30, 0x49, 0x60, 0x88, 0xf1, 0xac, 0x00, 0x2c, 0x54, 0x7c, 0xf0, 0x8c, 0xa8, 0x04, 0x28,
  414              0x50, 0x78, 0xf1, 0x88, 0x97, 0x26, 0xa8, 0x59, 0x98, 0xac, 0x8c, 0x02, 0x26, 0x46, 0x66, 0xf0,
  415              0x89, 0x9c, 0xa8, 0x29, 0x51, 0x79, 0x24, 0x70, 0x59, 0x44, 0x69, 0x38, 0x64, 0x48, 0x31, 0xa9,
  416              0x88, 0x09, 0x20, 0x59, 0x70, 0xab, 0x11, 0x38, 0x40, 0x69, 0xa8, 0x19, 0x31, 0x48, 0x60, 0x8c,
  417              0xa8, 0x3c, 0x41, 0x5c, 0x20, 0x7c, 0x00, 0xf1, 0x87, 0x98, 0x19, 0x86, 0xa8, 0x6e, 0x76, 0x7e,
  418              0xa9, 0x99, 0x88, 0x2d, 0x55, 0x7d, 0xd8, 0xb1, 0xb5, 0xb9, 0xa3, 0xdf, 0xdf, 0xdf, 0xae, 0xd0,
  419              0xdf, 0xaa, 0xd0, 0xde, 0xf2, 0xab, 0xf8, 0xf9, 0xd9, 0xb0, 0x87, 0xc4, 0xaa, 0xf1, 0xdf, 0xdf,
  420              0xbb, 0xaf, 0xdf, 0xdf, 0xb9, 0xd8, 0xb1, 0xf1, 0xa3, 0x97, 0x8e, 0x60, 0xdf, 0xb0, 0x84, 0xf2,
  421              0xc8, 0xf8, 0xf9, 0xd9, 0xde, 0xd8, 0x93, 0x85, 0xf1, 0x4a, 0xb1, 0x83, 0xa3, 0x08, 0xb5, 0x83,
  422              /* bank # 10 */
  423              0x9a, 0x08, 0x10, 0xb7, 0x9f, 0x10, 0xd8, 0xf1, 0xb0, 0xba, 0xae, 0xb0, 0x8a, 0xc2, 0xb2, 0xb6,
  424              0x8e, 0x9e, 0xf1, 0xfb, 0xd9, 0xf4, 0x1d, 0xd8, 0xf9, 0xd9, 0x0c, 0xf1, 0xd8, 0xf8, 0xf8, 0xad,
  425              0x61, 0xd9, 0xae, 0xfb, 0xd8, 0xf4, 0x0c, 0xf1, 0xd8, 0xf8, 0xf8, 0xad, 0x19, 0xd9, 0xae, 0xfb,
  426              0xdf, 0xd8, 0xf4, 0x16, 0xf1, 0xd8, 0xf8, 0xad, 0x8d, 0x61, 0xd9, 0xf4, 0xf4, 0xac, 0xf5, 0x9c,
  427              0x9c, 0x8d, 0xdf, 0x2b, 0xba, 0xb6, 0xae, 0xfa, 0xf8, 0xf4, 0x0b, 0xd8, 0xf1, 0xae, 0xd0, 0xf8,
  428              0xad, 0x51, 0xda, 0xae, 0xfa, 0xf8, 0xf1, 0xd8, 0xb9, 0xb1, 0xb6, 0xa3, 0x83, 0x9c, 0x08, 0xb9,
  429              0xb1, 0x83, 0x9a, 0xb5, 0xaa, 0xc0, 0xfd, 0x30, 0x83, 0xb7, 0x9f, 0x10, 0xb5, 0x8b, 0x93, 0xf2,
  430              0x02, 0x02, 0xd1, 0xab, 0xda, 0xde, 0xd8, 0xf1, 0xb0, 0x80, 0xba, 0xab, 0xc0, 0xc3, 0xb2, 0x84,
  431              0xc1, 0xc3, 0xd8, 0xb1, 0xb9, 0xf3, 0x8b, 0xa3, 0x91, 0xb6, 0x09, 0xb4, 0xd9, 0xab, 0xde, 0xb0,
  432              0x87, 0x9c, 0xb9, 0xa3, 0xdd, 0xf1, 0xb3, 0x8b, 0x8b, 0x8b, 0x8b, 0x8b, 0xb0, 0x87, 0xa3, 0xa3,
  433              0xa3, 0xa3, 0xb2, 0x8b, 0xb6, 0x9b, 0xf2, 0xa3, 0xa3, 0xa3, 0xa3, 0xa3, 0xa3, 0xa3, 0xa3, 0xa3,
  434              0xa3, 0xf1, 0xb0, 0x87, 0xb5, 0x9a, 0xa3, 0xf3, 0x9b, 0xa3, 0xa3, 0xdc, 0xba, 0xac, 0xdf, 0xb9,
  435              0xa3, 0xa3, 0xa3, 0xa3, 0xa3, 0xa3, 0xa3, 0xa3, 0xa3, 0xa3, 0xa3, 0xa3, 0xa3, 0xa3, 0xa3, 0xa3,
  436              0xd8, 0xd8, 0xd8, 0xbb, 0xb3, 0xb7, 0xf1, 0xaa, 0xf9, 0xda, 0xff, 0xd9, 0x80, 0x9a, 0xaa, 0x28,
  437              0xb4, 0x80, 0x98, 0xa7, 0x20, 0xb7, 0x97, 0x87, 0xa8, 0x66, 0x88, 0xf0, 0x79, 0x51, 0xf1, 0x90,
  438              0x2c, 0x87, 0x0c, 0xa7, 0x81, 0x97, 0x62, 0x93, 0xf0, 0x71, 0x71, 0x60, 0x85, 0x94, 0x01, 0x29,
  439              /* bank # 11 */
  440              0x51, 0x79, 0x90, 0xa5, 0xf1, 0x28, 0x4c, 0x6c, 0x87, 0x0c, 0x95, 0x18, 0x85, 0x78, 0xa3, 0x83,
  441              0x90, 0x28, 0x4c, 0x6c, 0x88, 0x6c, 0xd8, 0xf3, 0xa2, 0x82, 0x00, 0xf2, 0x10, 0xa8, 0x92, 0x19,
  442              0x80, 0xa2, 0xf2, 0xd9, 0x26, 0xd8, 0xf1, 0x88, 0xa8, 0x4d, 0xd9, 0x48, 0xd8, 0x96, 0xa8, 0x39,
C251 COMPILER V5.60.0,  inv_mpu_dmp_motion_driver                                          12/06/26  21:36:16  PAGE 8   

  443              0x80, 0xd9, 0x3c, 0xd8, 0x95, 0x80, 0xa8, 0x39, 0xa6, 0x86, 0x98, 0xd9, 0x2c, 0xda, 0x87, 0xa7,
  444              0x2c, 0xd8, 0xa8, 0x89, 0x95, 0x19, 0xa9, 0x80, 0xd9, 0x38, 0xd8, 0xa8, 0x89, 0x39, 0xa9, 0x80,
  445              0xda, 0x3c, 0xd8, 0xa8, 0x2e, 0xa8, 0x39, 0x90, 0xd9, 0x0c, 0xd8, 0xa8, 0x95, 0x31, 0x98, 0xd9,
  446              0x0c, 0xd8, 0xa8, 0x09, 0xd9, 0xff, 0xd8, 0x01, 0xda, 0xff, 0xd8, 0x95, 0x39, 0xa9, 0xda, 0x26,
  447              0xff, 0xd8, 0x90, 0xa8, 0x0d, 0x89, 0x99, 0xa8, 0x10, 0x80, 0x98, 0x21, 0xda, 0x2e, 0xd8, 0x89,
  448              0x99, 0xa8, 0x31, 0x80, 0xda, 0x2e, 0xd8, 0xa8, 0x86, 0x96, 0x31, 0x80, 0xda, 0x2e, 0xd8, 0xa8,
  449              0x87, 0x31, 0x80, 0xda, 0x2e, 0xd8, 0xa8, 0x82, 0x92, 0xf3, 0x41, 0x80, 0xf1, 0xd9, 0x2e, 0xd8,
  450              0xa8, 0x82, 0xf3, 0x19, 0x80, 0xf1, 0xd9, 0x2e, 0xd8, 0x82, 0xac, 0xf3, 0xc0, 0xa2, 0x80, 0x22,
  451              0xf1, 0xa6, 0x2e, 0xa7, 0x2e, 0xa9, 0x22, 0x98, 0xa8, 0x29, 0xda, 0xac, 0xde, 0xff, 0xd8, 0xa2,
  452              0xf2, 0x2a, 0xf1, 0xa9, 0x2e, 0x82, 0x92, 0xa8, 0xf2, 0x31, 0x80, 0xa6, 0x96, 0xf1, 0xd9, 0x00,
  453              0xac, 0x8c, 0x9c, 0x0c, 0x30, 0xac, 0xde, 0xd0, 0xde, 0xff, 0xd8, 0x8c, 0x9c, 0xac, 0xd0, 0x10,
  454              0xac, 0xde, 0x80, 0x92, 0xa2, 0xf2, 0x4c, 0x82, 0xa8, 0xf1, 0xca, 0xf2, 0x35, 0xf1, 0x96, 0x88,
  455              0xa6, 0xd9, 0x00, 0xd8, 0xf1, 0xff
  456          };
  457          
  458          static const unsigned short sStartAddress = 0x0400;
  459          
  460          /* END OF SECTION COPIED FROM dmpDefaultMPU6050.c */
  461          
  462          #define INT_SRC_TAP             (0x01)
  463          #define INT_SRC_ANDROID_ORIENT  (0x08)
  464          
  465          #define DMP_FEATURE_SEND_ANY_GYRO   (DMP_FEATURE_SEND_RAW_GYRO | \
  466                                               DMP_FEATURE_SEND_CAL_GYRO)
  467          
  468          #define MAX_PACKET_LENGTH   (32)
  469          
  470          #define DMP_SAMPLE_RATE     (200)
  471          #define GYRO_SF             (46850825LL * 200 / DMP_SAMPLE_RATE)
  472          
  473          #define FIFO_CORRUPTION_CHECK
  474          #ifdef FIFO_CORRUPTION_CHECK
  475          #define QUAT_ERROR_THRESH       (1L<<24)
  476          #define QUAT_MAG_SQ_NORMALIZED  (1L<<28)
  477          #define QUAT_MAG_SQ_MIN         (QUAT_MAG_SQ_NORMALIZED - QUAT_ERROR_THRESH)
  478          #define QUAT_MAG_SQ_MAX         (QUAT_MAG_SQ_NORMALIZED + QUAT_ERROR_THRESH)
  479          #endif
  480          
  481          struct dmp_s {
  482              void (*tap_cb)(unsigned char count, unsigned char direction);
  483              void (*android_orient_cb)(unsigned char orientation);
  484              unsigned short orient;
  485              unsigned short feature_mask;
  486              unsigned short fifo_rate;
  487              unsigned char packet_length;
  488          };
  489          
  490          //static struct dmp_s dmp = {
  491          //    .tap_cb = NULL,
  492          //    .android_orient_cb = NULL,
  493          //    .orient = 0,
  494          //    .feature_mask = 0,
  495          //    .fifo_rate = 0,
  496          //    .packet_length = 0
  497          //};
  498          static struct dmp_s dmp={
  499            NULL,
  500            NULL,
  501            0,
  502            0,
  503            0,
  504            0
  505          };
  506          /**
  507           *  @brief  Load the DMP with this image.
  508           *  @return 0 if successful.
C251 COMPILER V5.60.0,  inv_mpu_dmp_motion_driver                                          12/06/26  21:36:16  PAGE 9   

  509           */
  510          int dmp_load_motion_driver_firmware(void)
  511          {
  512   1          return mpu_load_firmware(DMP_CODE_SIZE, dmp_memory, sStartAddress,
  513   1              DMP_SAMPLE_RATE);
  514   1      }
  515          
  516          /**
  517           *  @brief      Push gyro and accel orientation to the DMP.
  518           *  The orientation is represented here as the output of
  519           *  @e inv_orientation_matrix_to_scalar.
  520           *  @param[in]  orient  Gyro and accel orientation in body frame.
  521           *  @return     0 if successful.
  522           */
  523          int dmp_set_orientation(unsigned short orient)
  524          {
  525   1          unsigned char gyro_regs[3], accel_regs[3];
  526   1          const unsigned char gyro_axes[3] = {DINA4C, DINACD, DINA6C};
  527   1          const unsigned char accel_axes[3] = {DINA0C, DINAC9, DINA2C};
  528   1          const unsigned char gyro_sign[3] = {DINA36, DINA56, DINA76};
  529   1          const unsigned char accel_sign[3] = {DINA26, DINA46, DINA66};
  530   1      
  531   1          gyro_regs[0] = gyro_axes[orient & 3];
  532   1          gyro_regs[1] = gyro_axes[(orient >> 3) & 3];
  533   1          gyro_regs[2] = gyro_axes[(orient >> 6) & 3];
  534   1          accel_regs[0] = accel_axes[orient & 3];
  535   1          accel_regs[1] = accel_axes[(orient >> 3) & 3];
  536   1          accel_regs[2] = accel_axes[(orient >> 6) & 3];
  537   1      
  538   1          /* Chip-to-body, axes only. */
  539   1          if (mpu_write_mem(FCFG_1, 3, gyro_regs))
*** ERROR C95 IN LINE 539 OF MPU6050\inv_mpu_dmp_motion_driver.c: 'mpu_write_mem': too many actual parameters
  540   1              return -1;
  541   1          if (mpu_write_mem(FCFG_2, 3, accel_regs))
*** ERROR C95 IN LINE 541 OF MPU6050\inv_mpu_dmp_motion_driver.c: 'mpu_write_mem': too many actual parameters
  542   1              return -1;
  543   1      
  544   1          memcpy(gyro_regs, gyro_sign, 3);
  545   1          memcpy(accel_regs, accel_sign, 3);
  546   1          if (orient & 4) {
  547   2              gyro_regs[0] |= 1;
  548   2              accel_regs[0] |= 1;
  549   2          }
  550   1          if (orient & 0x20) {
  551   2              gyro_regs[1] |= 1;
  552   2              accel_regs[1] |= 1;
  553   2          }
  554   1          if (orient & 0x100) {
  555   2              gyro_regs[2] |= 1;
  556   2              accel_regs[2] |= 1;
  557   2          }
  558   1      
  559   1          /* Chip-to-body, sign only. */
  560   1          if (mpu_write_mem(FCFG_3, 3, gyro_regs))
*** ERROR C95 IN LINE 560 OF MPU6050\inv_mpu_dmp_motion_driver.c: 'mpu_write_mem': too many actual parameters
  561   1              return -1;
  562   1          if (mpu_write_mem(FCFG_7, 3, accel_regs))
*** ERROR C95 IN LINE 562 OF MPU6050\inv_mpu_dmp_motion_driver.c: 'mpu_write_mem': too many actual parameters
  563   1              return -1;
  564   1          dmp.orient = orient;
  565   1          return 0;
  566   1      }
  567          
  568          /**
  569           *  @brief      Push gyro biases to the DMP.
  570           *  Because the gyro integration is handled in the DMP, any gyro biases
C251 COMPILER V5.60.0,  inv_mpu_dmp_motion_driver                                          12/06/26  21:36:16  PAGE 10  

  571           *  calculated by the MPL should be pushed down to DMP memory to remove
  572           *  3-axis quaternion drift.
  573           *  \n NOTE: If the DMP-based gyro calibration is enabled, the DMP will
  574           *  overwrite the biases written to this location once a new one is computed.
  575           *  @param[in]  bias    Gyro biases in q16.
  576           *  @return     0 if successful.
  577           */
  578          int dmp_set_gyro_bias(long *bias)
  579          {
  580   1          long gyro_bias_body[3];
  581   1          unsigned char regs[4];
  582   1      
  583   1          gyro_bias_body[0] = bias[dmp.orient & 3];
  584   1          if (dmp.orient & 4)
  585   1              gyro_bias_body[0] *= -1;
  586   1          gyro_bias_body[1] = bias[(dmp.orient >> 3) & 3];
  587   1          if (dmp.orient & 0x20)
  588   1              gyro_bias_body[1] *= -1;
  589   1          gyro_bias_body[2] = bias[(dmp.orient >> 6) & 3];
  590   1          if (dmp.orient & 0x100)
  591   1              gyro_bias_body[2] *= -1;
  592   1      
  593   1      #ifdef EMPL_NO_64BIT
                   gyro_bias_body[0] = (long)(((float)gyro_bias_body[0] * GYRO_SF) / 1073741824.f);
                   gyro_bias_body[1] = (long)(((float)gyro_bias_body[1] * GYRO_SF) / 1073741824.f);
                   gyro_bias_body[2] = (long)(((float)gyro_bias_body[2] * GYRO_SF) / 1073741824.f);
               #else
  598   1          gyro_bias_body[0] = (long)(((long long)gyro_bias_body[0] * GYRO_SF) >> 30);
*** ERROR C27 IN LINE 598 OF MPU6050\inv_mpu_dmp_motion_driver.c: illegal type specifier
*** ERROR C25 IN LINE 598 OF MPU6050\inv_mpu_dmp_motion_driver.c: syntax error near 'L'
*** ERROR C67 IN LINE 598 OF MPU6050\inv_mpu_dmp_motion_driver.c: 'L': undefined identifier
*** ERROR C25 IN LINE 598 OF MPU6050\inv_mpu_dmp_motion_driver.c: syntax error near ')'
*** ERROR C7 IN LINE 598 OF MPU6050\inv_mpu_dmp_motion_driver.c: compilation aborted

C251 COMPILATION COMPLETE.  0 WARNING(S),  21 ERROR(S)
